// Jest Snapshot v1, https://goo.gl/fbAQLP

exports[`should render Header correctly 1`] = `
<nav
  className="navbar navbar-expand-lg navbar-dark bg-dark"
>
  <Link
    className="navbar-brand"
    to="/dashboard"
  >
    BookNotes
  </Link>
  <button
    aria-controls="navbarNav"
    aria-expanded="false"
    aria-label="Toggle navigation"
    className="navbar-toggler"
    data-target="#navbarNav"
    data-toggle="collapse"
    type="button"
  >
    <span
      className="navbar-toggler-icon"
    />
  </button>
  <div
    className="collapse navbar-collapse"
    id="navbarNav"
  >
    <ul
      className="navbar-nav"
    >
      <li
        className="nav-item active"
      >
        <Link
          className="nav-link"
          to="/dashboard"
        >
          Home
        </Link>
      </li>
      <li
        className="nav-item"
      >
        <Link
          className="nav-link"
          to="/add"
        >
          Add Book
        </Link>
      </li>
    </ul>
  </div>
</nav>
`;
