// Jest Snapshot v1, https://goo.gl/fbAQLP

exports[`should render Not Found Page correctly 1`] = `
<div
  className="container"
>
  <h2>
    This route does not exist! Please check the URL.
  </h2>
</div>
`;
